filename,img_width,img_height,face_dlib_x1,face_dlib_y1,face_dlib_x2,face_dlib_y2,face_opencv_x1,face_opencv_y1,face_opencv_x2,face_opencv_y2,landmark_dlib_1_x,landmark_dlib_1_y,landmark_dlib_2_x,landmark_dlib_2_y,landmark_dlib_3_x,landmark_dlib_3_y,landmark_dlib_4_x,landmark_dlib_4_y,landmark_dlib_5_x,landmark_dlib_5_y,landmark_dlib_6_x,landmark_dlib_6_y,landmark_dlib_7_x,landmark_dlib_7_y,landmark_dlib_8_x,landmark_dlib_8_y,landmark_dlib_9_x,landmark_dlib_9_y,landmark_dlib_10_x,landmark_dlib_10_y,landmark_dlib_11_x,landmark_dlib_11_y,landmark_dlib_12_x,landmark_dlib_12_y,landmark_dlib_13_x,landmark_dlib_13_y,landmark_dlib_14_x,landmark_dlib_14_y,landmark_dlib_15_x,landmark_dlib_15_y,landmark_dlib_16_x,landmark_dlib_16_y,landmark_dlib_17_x,landmark_dlib_17_y,landmark_dlib_18_x,landmark_dlib_18_y,landmark_dlib_19_x,landmark_dlib_19_y,landmark_dlib_20_x,landmark_dlib_20_y,landmark_dlib_21_x,landmark_dlib_21_y,landmark_dlib_22_x,landmark_dlib_22_y,landmark_dlib_23_x,landmark_dlib_23_y,landmark_dlib_24_x,landmark_dlib_24_y,landmark_dlib_25_x,landmark_dlib_25_y,landmark_dlib_26_x,landmark_dlib_26_y,landmark_dlib_27_x,landmark_dlib_27_y,landmark_dlib_28_x,landmark_dlib_28_y,landmark_dlib_29_x,landmark_dlib_29_y,landmark_dlib_30_x,landmark_dlib_30_y,landmark_dlib_31_x,landmark_dlib_31_y,landmark_dlib_32_x,landmark_dlib_32_y,landmark_dlib_33_x,landmark_dlib_33_y,landmark_dlib_34_x,landmark_dlib_34_y,landmark_dlib_35_x,landmark_dlib_35_y,landmark_dlib_36_x,landmark_dlib_36_y,landmark_dlib_37_x,landmark_dlib_37_y,landmark_dlib_38_x,landmark_dlib_38_y,landmark_dlib_39_x,landmark_dlib_39_y,landmark_dlib_40_x,landmark_dlib_40_y,landmark_dlib_41_x,landmark_dlib_41_y,landmark_dlib_42_x,landmark_dlib_42_y,landmark_dlib_43_x,landmark_dlib_43_y,landmark_dlib_44_x,landmark_dlib_44_y,landmark_dlib_45_x,landmark_dlib_45_y,landmark_dlib_46_x,landmark_dlib_46_y,landmark_dlib_47_x,landmark_dlib_47_y,landmark_dlib_48_x,landmark_dlib_48_y,landmark_dlib_49_x,landmark_dlib_49_y,landmark_dlib_50_x,landmark_dlib_50_y,landmark_dlib_51_x,landmark_dlib_51_y,landmark_dlib_52_x,landmark_dlib_52_y,landmark_dlib_53_x,landmark_dlib_53_y,landmark_dlib_54_x,landmark_dlib_54_y,landmark_dlib_55_x,landmark_dlib_55_y,landmark_dlib_56_x,landmark_dlib_56_y,landmark_dlib_57_x,landmark_dlib_57_y,landmark_dlib_58_x,landmark_dlib_58_y,landmark_dlib_59_x,landmark_dlib_59_y,landmark_dlib_60_x,landmark_dlib_60_y,landmark_dlib_61_x,landmark_dlib_61_y,landmark_dlib_62_x,landmark_dlib_62_y,landmark_dlib_63_x,landmark_dlib_63_y,landmark_dlib_64_x,landmark_dlib_64_y,landmark_dlib_65_x,landmark_dlib_65_y,landmark_dlib_66_x,landmark_dlib_66_y,landmark_dlib_67_x,landmark_dlib_67_y,landmark_dlib_68_x,landmark_dlib_68_y,landmark_opencv_1_x,landmark_opencv_1_y,landmark_opencv_2_x,landmark_opencv_2_y,landmark_opencv_3_x,landmark_opencv_3_y,landmark_opencv_4_x,landmark_opencv_4_y,landmark_opencv_5_x,landmark_opencv_5_y,landmark_opencv_6_x,landmark_opencv_6_y,landmark_opencv_7_x,landmark_opencv_7_y,landmark_opencv_8_x,landmark_opencv_8_y,landmark_opencv_9_x,landmark_opencv_9_y,landmark_opencv_10_x,landmark_opencv_10_y,landmark_opencv_11_x,landmark_opencv_11_y,landmark_opencv_12_x,landmark_opencv_12_y,landmark_opencv_13_x,landmark_opencv_13_y,landmark_opencv_14_x,landmark_opencv_14_y,landmark_opencv_15_x,landmark_opencv_15_y,landmark_opencv_16_x,landmark_opencv_16_y,landmark_opencv_17_x,landmark_opencv_17_y,landmark_opencv_18_x,landmark_opencv_18_y,landmark_opencv_19_x,landmark_opencv_19_y,landmark_opencv_20_x,landmark_opencv_20_y,landmark_opencv_21_x,landmark_opencv_21_y,landmark_opencv_22_x,landmark_opencv_22_y,landmark_opencv_23_x,landmark_opencv_23_y,landmark_opencv_24_x,landmark_opencv_24_y,landmark_opencv_25_x,landmark_opencv_25_y,landmark_opencv_26_x,landmark_opencv_26_y,landmark_opencv_27_x,landmark_opencv_27_y,landmark_opencv_28_x,landmark_opencv_28_y,landmark_opencv_29_x,landmark_opencv_29_y,landmark_opencv_30_x,landmark_opencv_30_y,landmark_opencv_31_x,landmark_opencv_31_y,landmark_opencv_32_x,landmark_opencv_32_y,landmark_opencv_33_x,landmark_opencv_33_y,landmark_opencv_34_x,landmark_opencv_34_y,landmark_opencv_35_x,landmark_opencv_35_y,landmark_opencv_36_x,landmark_opencv_36_y,landmark_opencv_37_x,landmark_opencv_37_y,landmark_opencv_38_x,landmark_opencv_38_y,landmark_opencv_39_x,landmark_opencv_39_y,landmark_opencv_40_x,landmark_opencv_40_y,landmark_opencv_41_x,landmark_opencv_41_y,landmark_opencv_42_x,landmark_opencv_42_y,landmark_opencv_43_x,landmark_opencv_43_y,landmark_opencv_44_x,landmark_opencv_44_y,landmark_opencv_45_x,landmark_opencv_45_y,landmark_opencv_46_x,landmark_opencv_46_y,landmark_opencv_47_x,landmark_opencv_47_y,landmark_opencv_48_x,landmark_opencv_48_y,landmark_opencv_49_x,landmark_opencv_49_y,landmark_opencv_50_x,landmark_opencv_50_y,landmark_opencv_51_x,landmark_opencv_51_y,landmark_opencv_52_x,landmark_opencv_52_y,landmark_opencv_53_x,landmark_opencv_53_y,landmark_opencv_54_x,landmark_opencv_54_y,landmark_opencv_55_x,landmark_opencv_55_y,landmark_opencv_56_x,landmark_opencv_56_y,landmark_opencv_57_x,landmark_opencv_57_y,landmark_opencv_58_x,landmark_opencv_58_y,landmark_opencv_59_x,landmark_opencv_59_y,landmark_opencv_60_x,landmark_opencv_60_y,landmark_opencv_61_x,landmark_opencv_61_y,landmark_opencv_62_x,landmark_opencv_62_y,landmark_opencv_63_x,landmark_opencv_63_y,landmark_opencv_64_x,landmark_opencv_64_y,landmark_opencv_65_x,landmark_opencv_65_y,landmark_opencv_66_x,landmark_opencv_66_y,landmark_opencv_67_x,landmark_opencv_67_y,landmark_opencv_68_x,landmark_opencv_68_y,left_eye_x1,left_eye_y1,left_eye_x2,left_eye_y2,right_eye_x1,right_eye_y1,right_eye_x2,right_eye_y2,left_pupil_x,left_pupil_y,right_pupil_x,right_pupil_y
images/20191123163439.jpg,1280,720,557,23,826,291,,,,,568,88,575,128,583,165,591,201,607,233,630,259,658,279,688,294,720,296,752,287,782,268,810,245,831,216,843,180,848,141,852,101,853,60,578,61,595,44,619,38,645,40,667,50,719,46,740,32,766,25,792,26,816,37,695,81,697,109,698,137,699,164,675,179,688,183,703,185,718,180,731,174,609,90,623,82,641,82,660,91,642,96,624,97,735,84,750,71,768,69,787,74,771,84,753,86,660,223,676,216,693,211,706,213,719,208,738,209,760,212,744,230,725,239,711,242,697,242,678,237,668,223,694,223,707,223,720,220,752,213,722,222,709,225,696,225,,,,,,,,,,,,,,,,,,,,,,,,,,,,,,,,,,,,,,,,,,,,,,,,,,,,,,,,,,,,,,,,,,,,,,,,,,,,,,,,,,,,,,,,,,,,,,,,,,,,,,,,,,,,,,,,,,,,,,,,,,,,,,,,,,,,,,,,,693,57,830,97,568,70,702,109,757,76,626,87
images/20191123163438.jpg,1280,720,557,23,826,291,,,,,568,87,575,127,584,164,592,201,608,233,630,259,658,278,690,293,722,294,754,285,784,267,811,244,831,215,843,179,848,141,852,102,853,62,582,60,600,43,624,37,649,40,671,50,724,46,744,32,770,25,796,25,818,37,700,80,701,108,703,135,704,163,679,178,693,181,708,184,722,179,735,172,613,90,628,82,645,82,663,89,646,95,628,96,739,83,755,71,772,70,790,74,775,83,757,85,661,220,679,214,696,209,709,211,722,207,741,207,763,209,746,226,728,236,713,239,699,239,680,234,669,220,697,220,710,221,724,217,754,211,725,219,712,222,699,222,,,,,,,,,,,,,,,,,,,,,,,,,,,,,,,,,,,,,,,,,,,,,,,,,,,,,,,,,,,,,,,,,,,,,,,,,,,,,,,,,,,,,,,,,,,,,,,,,,,,,,,,,,,,,,,,,,,,,,,,,,,,,,,,,,,,,,,,,698,59,832,95,573,71,704,107,764,76,632,87
images/20191123163459.jpg,1280,720,587,23,855,291,572,6,840,274,571,94,578,133,586,169,596,205,611,236,634,262,662,280,693,295,725,297,758,289,788,270,814,247,833,217,844,182,849,144,852,106,853,66,588,70,607,56,631,52,656,55,678,64,728,60,748,47,772,39,798,38,821,47,706,90,707,117,708,142,710,169,685,183,699,186,713,189,727,183,740,177,621,102,635,98,651,96,669,99,652,105,636,107,745,93,760,86,776,85,793,86,777,94,761,96,670,225,686,217,702,212,716,213,729,209,748,210,768,214,753,230,735,239,721,242,706,242,688,237,678,224,704,223,717,223,730,220,760,216,732,223,719,226,705,225,567,110,571,146,579,180,591,213,608,244,632,268,660,288,692,307,724,310,755,303,785,284,814,262,838,233,854,199,861,161,862,122,861,83,584,68,602,54,625,49,651,51,674,60,728,56,750,43,776,37,802,36,825,46,704,91,705,113,706,136,708,159,681,179,696,183,712,186,727,179,742,172,618,102,632,96,649,95,666,98,650,103,633,105,747,91,761,84,778,83,796,86,780,92,763,93,666,226,682,212,700,205,714,206,726,202,747,205,769,214,751,236,732,244,718,247,704,248,685,243,675,225,701,217,715,216,728,214,761,215,729,227,716,229,702,229,706,77,833,103,582,88,709,114,768,89,636,100
images/20191123163458.jpg,1280,720,598,27,920,349,622,10,893,281,590,94,597,137,607,178,618,216,636,253,663,285,696,310,731,327,764,327,792,316,812,291,829,263,845,233,858,202,866,169,869,134,867,100,631,84,652,68,681,61,710,64,735,73,781,71,801,60,824,55,847,56,863,70,763,105,766,133,769,160,773,188,736,205,752,208,768,211,782,207,793,201,663,113,680,108,699,106,715,113,699,119,680,120,793,108,809,98,826,97,840,101,827,110,810,111,706,254,730,247,752,242,765,244,777,240,792,242,806,246,794,261,779,269,767,272,753,272,730,267,716,253,752,252,766,253,777,250,798,248,778,252,766,255,753,255,593,120,598,159,607,197,617,234,636,269,666,294,702,312,740,325,774,323,804,313,826,290,847,265,864,236,874,203,878,168,878,134,877,101,632,85,653,67,681,61,709,62,734,72,781,70,800,57,822,50,844,50,860,61,761,100,765,121,769,142,773,165,737,189,754,192,771,193,785,188,797,181,667,115,683,108,699,105,716,110,701,115,684,117,794,102,809,94,824,93,838,97,825,102,810,103,710,241,733,223,755,214,768,215,780,211,797,215,812,226,799,245,784,254,771,258,757,259,735,257,719,239,755,227,769,226,782,224,803,227,782,234,769,238,756,239,755,86,879,122,621,95,758,131,,,687,113
images/20191123163503.jpg,1280,720,617,23,885,291,,,,,589,87,593,128,601,167,611,204,632,236,659,263,691,283,724,297,756,299,784,292,807,273,827,250,843,222,853,190,859,156,863,122,863,88,632,58,652,41,679,33,706,37,729,47,770,47,792,38,816,36,838,42,852,57,754,80,757,106,760,130,764,156,729,174,745,177,760,180,773,177,784,172,662,83,679,76,697,75,712,87,696,91,678,91,782,86,798,75,814,75,828,82,815,90,799,90,705,226,727,217,746,212,757,214,768,211,782,215,795,222,783,232,770,238,759,240,746,240,727,236,714,225,746,223,758,224,768,222,787,222,769,223,758,225,746,225,,,,,,,,,,,,,,,,,,,,,,,,,,,,,,,,,,,,,,,,,,,,,,,,,,,,,,,,,,,,,,,,,,,,,,,,,,,,,,,,,,,,,,,,,,,,,,,,,,,,,,,,,,,,,,,,,,,,,,,,,,,,,,,,,,,,,,,,,745,63,866,103,622,62,753,105,817,69,687,79
images/20191123163502.jpg,1280,720,617,23,885,291,,,,,587,83,592,125,600,164,611,202,630,235,657,262,689,283,723,298,755,300,784,292,808,273,827,249,843,221,854,188,859,153,864,118,864,83,629,54,649,36,676,30,703,34,727,45,772,44,793,34,816,30,839,34,854,50,754,79,756,105,759,130,762,156,728,174,743,178,759,180,772,177,783,172,660,82,677,74,695,74,711,86,694,90,676,90,783,84,799,73,816,72,830,80,817,88,800,88,702,225,724,216,743,210,756,213,767,209,782,214,796,222,783,234,769,240,757,242,744,242,723,237,711,224,744,223,756,224,767,222,788,222,768,224,756,226,744,225,,,,,,,,,,,,,,,,,,,,,,,,,,,,,,,,,,,,,,,,,,,,,,,,,,,,,,,,,,,,,,,,,,,,,,,,,,,,,,,,,,,,,,,,,,,,,,,,,,,,,,,,,,,,,,,,,,,,,,,,,,,,,,,,,,,,,,,,,745,59,869,102,619,61,753,104,816,69,686,81
images/20191123163500.jpg,1280,720,587,23,855,291,578,5,836,263,572,89,579,129,587,166,596,202,614,234,637,260,665,280,696,297,728,300,759,291,788,270,814,245,835,214,848,179,852,141,855,102,856,62,590,69,609,55,634,50,659,53,682,63,729,59,750,45,775,37,801,36,824,46,708,89,710,116,711,143,712,170,687,183,701,187,716,190,731,184,744,177,624,100,639,96,654,94,672,98,656,103,640,104,747,91,762,85,778,84,796,85,779,92,763,94,672,223,688,216,705,213,719,214,731,210,750,209,771,213,754,231,736,241,723,244,709,244,690,238,680,223,706,223,720,223,732,220,763,215,734,224,721,227,708,227,566,104,569,140,576,174,586,208,603,239,627,264,657,283,689,301,721,305,750,298,778,278,807,257,832,229,848,195,855,158,857,121,857,83,587,68,605,53,629,47,655,49,679,59,731,54,751,42,775,36,801,36,823,46,706,88,708,109,709,130,710,152,683,173,698,177,713,179,728,174,741,166,621,100,636,94,653,92,670,96,654,101,637,103,746,89,761,81,778,81,795,84,779,89,763,90,664,222,681,206,701,197,714,198,726,194,746,198,767,210,750,231,732,240,718,243,704,243,684,238,673,220,702,209,715,208,728,206,758,210,729,222,716,225,703,225,707,77,837,100,585,86,712,112,767,87,636,100
images/20191123163448.jpg,1280,720,598,-44,920,314,,,,,595,82,603,128,613,171,625,212,647,249,678,278,715,299,752,313,784,311,809,299,827,275,844,248,858,216,867,181,871,146,872,110,869,75,641,59,664,40,694,32,724,34,751,45,796,43,814,29,835,21,856,20,870,33,778,77,783,105,789,132,795,159,755,183,773,185,789,187,802,182,812,176,675,88,693,80,711,78,729,88,712,94,693,95,804,81,819,68,836,66,850,71,838,80,822,83,723,235,750,227,773,219,786,220,796,215,809,217,821,221,811,233,800,242,788,247,775,249,750,246,732,234,774,231,786,231,797,227,813,223,798,225,787,230,774,232,,,,,,,,,,,,,,,,,,,,,,,,,,,,,,,,,,,,,,,,,,,,,,,,,,,,,,,,,,,,,,,,,,,,,,,,,,,,,,,,,,,,,,,,,,,,,,,,,,,,,,,,,,,,,,,,,,,,,,,,,,,,,,,,,,,,,,,,,767,54,888,94,631,65,774,108,828,70,701,85
images/20191123163444.jpg,1280,720,598,-44,920,314,,,,,589,80,597,127,607,171,619,213,642,249,673,278,709,299,746,313,778,311,803,299,821,275,838,247,851,216,861,181,865,145,867,110,865,74,636,56,657,35,687,26,718,27,745,38,792,37,810,23,831,17,851,18,864,33,773,71,778,99,783,126,788,154,750,178,766,180,783,182,795,177,805,171,670,84,687,74,706,72,723,82,707,89,688,91,798,76,813,63,830,62,844,69,832,78,815,79,719,235,744,224,766,216,779,217,789,212,802,215,813,221,804,233,793,241,782,245,768,246,745,244,729,233,766,228,779,228,790,224,805,222,791,223,780,227,768,229,,,,,,,,,,,,,,,,,,,,,,,,,,,,,,,,,,,,,,,,,,,,,,,,,,,,,,,,,,,,,,,,,,,,,,,,,,,,,,,,,,,,,,,,,,,,,,,,,,,,,,,,,,,,,,,,,,,,,,,,,,,,,,,,,,,,,,,,,761,49,882,92,627,58,767,104,822,68,695,80
images/20191123163451.jpg,1280,720,617,23,885,291,,,,,582,87,589,129,599,168,612,205,631,238,657,265,690,286,723,300,756,301,785,292,809,272,829,247,846,217,856,183,861,147,865,111,865,75,620,56,640,39,668,32,696,35,721,45,766,42,786,31,810,26,834,28,851,42,748,77,751,104,754,131,757,158,725,177,740,180,756,182,769,178,781,172,652,85,669,77,687,76,704,86,687,91,669,92,779,81,795,69,812,67,827,74,814,82,797,84,702,229,723,220,741,214,754,216,765,212,779,215,794,221,782,234,768,241,757,244,744,244,723,240,711,228,742,226,755,226,765,223,786,222,766,224,755,227,743,227,,,,,,,,,,,,,,,,,,,,,,,,,,,,,,,,,,,,,,,,,,,,,,,,,,,,,,,,,,,,,,,,,,,,,,,,,,,,,,,,,,,,,,,,,,,,,,,,,,,,,,,,,,,,,,,,,,,,,,,,,,,,,,,,,,,,,,,,,740,55,867,95,610,64,747,104,806,70,674,82
images/20191123163456.jpg,1280,720,562,27,884,349,571,12,841,282,568,96,576,136,585,174,594,211,611,244,633,272,661,296,690,316,722,319,754,311,781,287,807,261,829,228,841,190,846,150,853,109,855,65,580,82,600,69,626,67,652,71,675,81,724,78,746,64,772,55,800,52,825,61,703,106,704,137,706,167,707,198,682,209,695,214,711,216,726,211,739,204,614,114,629,111,646,110,665,114,647,120,630,122,745,107,761,101,778,99,796,99,780,110,763,111,669,255,685,251,700,247,714,249,725,244,743,245,763,246,747,260,730,267,718,270,704,269,686,266,677,255,701,257,715,257,726,254,755,248,728,250,716,253,703,252,564,117,569,151,578,183,588,214,603,244,625,270,654,289,685,306,718,310,749,303,780,286,809,264,832,235,845,200,851,165,856,129,859,91,578,87,595,71,620,65,646,69,670,78,728,73,751,61,777,54,804,54,827,65,700,104,702,126,703,149,704,173,678,191,693,194,708,196,723,190,737,185,612,116,627,110,644,109,662,114,645,119,627,121,746,107,761,99,780,98,797,101,781,108,763,109,660,235,678,222,697,215,709,217,721,213,742,217,764,226,745,246,726,253,713,255,700,255,680,250,669,234,697,227,710,227,723,225,756,226,723,235,711,236,698,236,704,90,838,120,573,102,707,129,769,104,,
images/20191123163457.jpg,1280,720,598,27,920,349,623,5,907,289,594,95,601,139,610,181,620,219,639,255,665,286,698,311,734,327,768,327,795,317,815,293,832,266,849,237,862,207,871,175,878,142,878,108,639,87,664,70,694,63,725,65,752,73,799,74,820,66,843,63,865,64,880,78,778,109,782,136,785,163,789,191,747,207,765,211,782,213,795,209,806,204,674,115,693,109,712,108,728,116,712,122,692,122,807,113,823,102,841,102,855,107,842,116,825,116,713,254,740,250,763,245,775,246,786,243,798,245,810,247,798,261,786,268,774,272,761,272,738,268,722,254,762,254,775,255,786,251,802,249,785,252,774,255,762,256,593,116,600,157,608,196,618,233,639,267,670,292,707,309,746,322,781,320,810,310,832,288,854,264,871,235,882,202,886,166,888,132,887,97,638,87,661,70,690,62,721,63,748,73,797,73,816,59,837,51,859,52,874,64,777,102,780,123,785,144,789,166,751,191,769,194,786,195,799,190,810,183,677,117,694,110,712,106,729,113,713,120,695,121,807,105,823,97,839,95,853,99,841,106,825,107,723,243,746,228,768,218,782,220,793,215,807,221,821,230,807,243,795,249,783,252,769,254,747,253,732,241,768,231,782,231,794,228,812,231,794,232,782,235,768,236,768,90,895,129,630,96,773,135,,,703,115
images/20191123163441.jpg,1280,720,587,23,855,291,600,6,872,278,574,89,581,129,590,168,601,205,618,238,643,266,675,286,709,301,742,302,772,293,797,273,820,250,838,220,848,186,852,149,856,113,857,76,605,67,626,52,654,46,682,50,706,60,755,58,775,45,799,37,822,36,842,47,733,91,735,118,738,144,740,171,709,187,724,190,739,193,753,188,765,182,638,100,655,97,672,95,690,100,673,106,656,107,767,94,784,87,800,86,816,88,802,96,785,98,685,230,706,223,725,218,737,219,750,216,766,218,782,222,769,239,753,248,739,251,726,250,705,244,694,230,725,229,738,230,750,227,774,223,751,230,738,233,726,233,576,107,580,145,587,183,598,218,616,251,643,277,676,295,711,310,745,311,776,302,802,282,827,260,848,230,861,195,867,158,870,120,872,81,606,68,627,52,654,46,681,50,705,60,755,56,776,43,800,36,825,36,846,48,734,88,736,111,739,135,742,160,709,180,726,183,742,186,757,180,770,173,641,102,657,96,674,94,691,98,675,103,658,105,772,91,788,84,804,83,820,86,805,92,789,92,687,228,708,214,727,206,741,208,753,204,771,207,789,216,773,234,757,241,743,245,729,245,709,243,696,227,727,219,742,219,754,216,781,217,754,223,741,226,727,226,727,78,857,105,596,86,733,116,794,87,663,100
images/20191123163440.jpg,1280,720,557,23,826,291,564,2,831,269,569,93,575,132,584,169,592,204,607,235,629,261,656,281,687,295,719,297,752,289,782,270,809,248,830,217,842,182,847,144,850,106,851,67,580,67,597,51,622,46,647,49,670,59,720,55,741,41,766,34,792,33,815,43,697,87,698,114,699,140,700,166,676,180,689,185,704,188,719,182,731,175,612,99,627,93,643,92,662,97,644,103,627,105,737,91,752,83,769,82,787,84,771,92,754,94,660,223,677,215,693,211,706,212,719,208,739,209,759,214,743,230,724,239,710,242,696,242,678,237,668,223,694,222,707,222,720,219,751,215,722,222,709,225,696,224,563,109,567,144,574,177,583,210,600,241,623,266,652,285,683,302,715,305,745,298,775,279,806,257,831,230,846,195,852,159,854,122,853,85,578,70,594,53,617,44,643,45,667,55,720,50,741,37,766,33,792,35,814,47,695,88,696,109,697,131,698,154,672,175,687,179,702,181,717,176,731,169,611,99,625,91,642,89,659,96,643,101,625,103,737,89,751,80,768,79,786,84,770,90,753,91,657,222,672,208,690,201,703,202,715,198,737,201,759,210,741,231,721,239,708,242,695,242,676,237,665,220,691,211,705,211,717,208,751,211,719,222,706,224,693,224,697,74,828,101,572,83,703,113,761,86,629,98
images/20191123163435.jpg,1280,720,598,-44,920,314,,,,,591,84,599,130,609,174,621,215,644,251,674,281,711,303,748,318,781,317,806,305,824,280,840,252,854,220,863,184,866,148,867,112,864,76,639,65,661,45,690,35,721,35,748,45,793,43,810,30,830,23,850,23,863,36,775,78,780,106,786,133,791,161,752,184,769,187,786,189,798,184,809,177,674,92,692,86,708,83,725,89,710,96,692,97,801,82,817,72,832,71,844,75,833,83,818,84,721,237,747,229,770,222,782,223,793,218,806,219,818,223,808,236,797,245,785,249,772,251,748,248,731,236,770,233,783,233,794,229,810,225,794,229,783,233,771,234,,,,,,,,,,,,,,,,,,,,,,,,,,,,,,,,,,,,,,,,,,,,,,,,,,,,,,,,,,,,,,,,,,,,,,,,,,,,,,,,,,,,,,,,,,,,,,,,,,,,,,,,,,,,,,,,,,,,,,,,,,,,,,,,,,,,,,,,,766,61,880,94,633,72,767,108,829,74,701,89
images/20191123163436.jpg,1280,720,617,23,885,291,611,3,880,272,582,95,589,136,599,174,611,211,631,244,658,270,691,290,726,304,759,304,788,296,811,275,830,250,844,221,853,187,857,153,860,118,858,83,621,66,641,48,668,40,696,42,720,51,766,49,785,39,809,34,831,37,847,51,748,85,751,112,755,138,759,165,726,183,741,186,758,188,770,183,781,177,653,94,669,86,687,84,704,94,688,100,669,101,777,89,792,77,809,75,824,82,811,90,794,92,702,232,723,224,742,218,755,219,766,215,781,218,795,224,784,237,770,245,759,248,745,248,724,243,711,232,743,229,756,230,767,227,787,225,768,229,757,232,744,232,580,101,587,142,595,182,607,220,626,254,657,279,693,296,731,309,765,309,795,300,820,279,842,255,859,224,869,189,874,153,876,115,876,77,618,62,638,44,666,37,695,39,721,50,768,45,789,33,812,26,836,28,855,40,749,80,752,102,755,125,759,149,724,172,742,176,759,178,773,172,786,164,654,93,670,85,687,83,703,90,688,95,670,96,783,82,798,72,815,71,830,76,817,82,800,83,701,227,723,209,743,200,757,201,770,197,788,201,804,211,791,229,775,237,761,240,747,241,726,240,711,225,744,214,758,213,771,210,795,212,772,217,759,220,745,221,739,63,863,103,612,71,746,114,801,77,672,92
images/20191123163437.jpg,1280,720,617,23,885,291,,,,,582,94,589,135,598,174,610,210,630,244,657,270,690,291,724,305,758,305,787,297,811,276,829,251,844,221,853,188,857,153,859,118,858,82,622,65,642,48,669,41,697,43,721,52,765,50,785,39,808,35,831,37,847,51,748,85,751,112,754,138,758,165,725,183,741,186,757,188,770,184,781,178,653,94,669,86,687,84,704,94,687,99,669,100,778,89,792,77,809,75,824,81,812,90,794,91,700,231,721,223,741,217,754,219,765,215,780,218,795,224,783,237,769,245,757,248,744,248,722,243,709,231,742,229,755,230,766,227,787,225,767,229,756,232,743,232,,,,,,,,,,,,,,,,,,,,,,,,,,,,,,,,,,,,,,,,,,,,,,,,,,,,,,,,,,,,,,,,,,,,,,,,,,,,,,,,,,,,,,,,,,,,,,,,,,,,,,,,,,,,,,,,,,,,,,,,,,,,,,,,,,,,,,,,,741,63,862,103,612,72,746,112,801,77,671,92
