filename,raw_path,landmark_path,rel_target_x,rel_target_y,timestamp,rel_face_x,rel_face_y,rel_face_size_x,rel_face_size_y,rel_pose_x,rel_pose_y,rel_eye_distance_x,rel_eye_distance_y,rel_left_pupil_x,rel_left_pupil_y,rel_right_pupil_x,rel_right_pupil_y
images/20191123163439.jpg,data/raw/capture0/positions.csv,data/landmarks/1/capture0/landmarks.csv,0.9621337890625,0.17541714891975307,20191123163439000,0.5078125,0.8888888888888888,0.05625,0.1,-1.2222222222222223,-3.6527777777777777,0.3333333333333333,0.013888888888888888,,,,
images/20191123163439.jpg,data/raw/capture0/positions.csv,data/landmarks/1/capture0/landmarks.csv,0.9621337890625,0.17541714891975307,20191123163439000,0.5078125,0.8888888888888888,0.05625,0.1,-1.2222222222222223,-3.6527777777777777,0.3333333333333333,0.013888888888888888,,,,
images/20191123163438.jpg,data/raw/capture0/positions.csv,data/landmarks/1/capture0/landmarks.csv,0.7459716796875,0.2431785300925926,20191123163438000,0.50703125,0.8902777777777777,0.05625,0.1,-1.2222222222222223,-3.6805555555555554,0.2777777777777778,0.0,0.48507462686567165,0.4722222222222222,0.45038167938931295,0.4444444444444444
images/20191123163438.jpg,data/raw/capture0/positions.csv,data/landmarks/1/capture0/landmarks.csv,0.7459052191840277,0.24323157793209876,20191123163438000,0.50703125,0.8902777777777777,0.05625,0.1,-1.2222222222222223,-3.6805555555555554,0.2777777777777778,0.0,0.48507462686567165,0.4722222222222222,0.45038167938931295,0.4444444444444444
images/20191123163459.jpg,data/raw/capture0/positions.csv,data/landmarks/1/capture0/landmarks.csv,0.7609388563368056,0.9831090856481481,20191123163459000,0.446875,0.008333333333333333,0.209375,0.37222222222222223,0.5223880597014925,0.6716417910447762,0.664179104477612,-0.05970149253731343,0.48031496062992124,0.4230769230769231,0.4251968503937008,0.46153846153846156
images/20191123163459.jpg,data/raw/capture0/positions.csv,data/landmarks/1/capture0/landmarks.csv,0.7609388563368056,0.9831090856481481,20191123163459000,0.446875,0.008333333333333333,0.209375,0.37222222222222223,0.5223880597014925,0.6716417910447762,0.664179104477612,-0.05970149253731343,0.48031496062992124,0.4230769230769231,0.4251968503937008,0.46153846153846156
images/20191123163458.jpg,data/raw/capture0/positions.csv,data/landmarks/1/capture0/landmarks.csv,0.2961222330729167,0.9832947530864198,20191123163458000,0.4859375,0.013888888888888888,0.21171875,0.3763888888888889,0.5498154981549815,0.6752767527675276,0.6309963099630996,-0.06642066420664207,,,0.4744525547445255,0.5
images/20191123163458.jpg,data/raw/capture0/positions.csv,data/landmarks/1/capture0/landmarks.csv,0.29605712890625,0.9832368827160494,20191123163458000,0.4859375,0.013888888888888888,0.21171875,0.3763888888888889,0.5498154981549815,0.6752767527675276,0.6309963099630996,-0.06642066420664207,,,0.4744525547445255,0.5
images/20191123163503.jpg,data/raw/capture0/positions.csv,data/landmarks/1/capture0/landmarks.csv,0.06577284071180556,0.07994550540123457,20191123163503000,0.50390625,0.8916666666666667,0.05859375,0.10416666666666667,0.4533333333333333,0.5866666666666667,0.4,0.09333333333333334,0.5950413223140496,0.15,0.4961832061068702,0.3953488372093023
images/20191123163502.jpg,data/raw/capture0/positions.csv,data/landmarks/1/capture0/landmarks.csv,0.06580539279513889,0.07994550540123457,20191123163502000,0.5046875,0.8916666666666667,0.0578125,0.10277777777777777,0.43243243243243246,0.6081081081081081,0.40540540540540543,0.0945945945945946,0.5725806451612904,0.23255813953488372,0.5,0.4418604651162791
images/20191123163500.jpg,data/raw/capture0/positions.csv,data/landmarks/1/capture0/landmarks.csv,0.9681871202256944,0.9810860339506173,20191123163500000,0.4515625,0.006944444444444444,0.2015625,0.35833333333333334,0.5232558139534884,0.6744186046511628,0.6744186046511628,-0.06201550387596899,,,,
images/20191123163500.jpg,data/raw/capture0/positions.csv,data/landmarks/1/capture0/landmarks.csv,0.9680894639756944,0.9810860339506173,20191123163500000,0.4515625,0.006944444444444444,0.2015625,0.35833333333333334,0.5232558139534884,0.6744186046511628,0.6744186046511628,-0.06201550387596899,,,,
images/20191123163448.jpg,data/raw/capture0/positions.csv,data/landmarks/1/capture0/landmarks.csv,0.3268853081597222,0.2927396797839506,20191123163448000,0.50703125,0.8930555555555556,0.05546875,0.09861111111111111,0.43661971830985913,0.6338028169014085,0.4225352112676056,0.056338028169014086,,,0.4825174825174825,0.46511627906976744
images/20191123163448.jpg,data/raw/capture0/positions.csv,data/landmarks/1/capture0/landmarks.csv,0.32685275607638886,0.2927396797839506,20191123163448000,0.50703125,0.8930555555555556,0.05546875,0.09861111111111111,0.43661971830985913,0.6338028169014085,0.4225352112676056,0.056338028169014086,,,0.4825174825174825,0.46511627906976744
images/20191123163444.jpg,data/raw/capture0/positions.csv,data/landmarks/1/capture0/landmarks.csv,0.3080810546875,0.1638503086419753,20191123163444000,0.5078125,0.8986111111111111,0.053125,0.09444444444444444,0.4411764705882353,0.6176470588235294,0.4411764705882353,0.058823529411764705,,,,
images/20191123163444.jpg,data/raw/capture0/positions.csv,data/landmarks/1/capture0/landmarks.csv,0.30804850260416666,0.16390576774691357,20191123163444000,0.5078125,0.8986111111111111,0.053125,0.09444444444444444,0.4411764705882353,0.6176470588235294,0.4411764705882353,0.058823529411764705,,,,
images/20191123163451.jpg,data/raw/capture0/positions.csv,data/landmarks/1/capture0/landmarks.csv,0.32678629557291666,0.2927324459876543,20191123163451000,0.50625,0.8930555555555556,0.05546875,0.09861111111111111,4.084507042253521,-0.4647887323943662,0.23943661971830985,0.0,0.5196850393700787,0.375,0.46715328467153283,0.45
images/20191123163451.jpg,data/raw/capture0/positions.csv,data/landmarks/1/capture0/landmarks.csv,0.32678629557291666,0.2927324459876543,20191123163451000,0.50625,0.8930555555555556,0.05546875,0.09861111111111111,4.084507042253521,-0.4647887323943662,0.23943661971830985,0.0,0.5196850393700787,0.375,0.46715328467153283,0.45
images/20191123163451.jpg,data/raw/capture0/positions.csv,data/landmarks/1/capture0/landmarks.csv,0.32678629557291666,0.2927324459876543,20191123163451000,0.50625,0.8930555555555556,0.05546875,0.09861111111111111,4.084507042253521,-0.4647887323943662,0.23943661971830985,0.0,0.5196850393700787,0.375,0.46715328467153283,0.45
images/20191123163451.jpg,data/raw/capture0/positions.csv,data/landmarks/1/capture0/landmarks.csv,0.32678629557291666,0.2927324459876543,20191123163451000,0.50625,0.8930555555555556,0.05546875,0.09861111111111111,4.084507042253521,-0.4647887323943662,0.23943661971830985,0.0,0.5196850393700787,0.375,0.46715328467153283,0.45
images/20191123163456.jpg,data/raw/capture0/positions.csv,data/landmarks/1/capture0/landmarks.csv,0.5997477213541667,0.8314983603395062,20191123163456000,0.44609375,0.016666666666666666,0.2109375,0.375,0.5074074074074074,0.6814814814814815,0.6851851851851852,-0.05555555555555555,0.47761194029850745,0.43333333333333335,,
images/20191123163456.jpg,data/raw/capture0/positions.csv,data/landmarks/1/capture0/landmarks.csv,0.5997151692708333,0.8314983603395062,20191123163456000,0.44609375,0.016666666666666666,0.2109375,0.375,0.5074074074074074,0.6814814814814815,0.6851851851851852,-0.05555555555555555,0.47761194029850745,0.43333333333333335,,
images/20191123163457.jpg,data/raw/capture0/positions.csv,data/landmarks/1/capture0/landmarks.csv,0.04699571397569444,0.9821180555555555,20191123163457000,0.48671875,0.006944444444444444,0.221875,0.39444444444444443,0.573943661971831,0.6690140845070423,0.6197183098591549,-0.06338028169014084,,,0.5244755244755245,0.46153846153846156
images/20191123163457.jpg,data/raw/capture0/positions.csv,data/landmarks/1/capture0/landmarks.csv,0.04699571397569444,0.9821180555555555,20191123163457000,0.48671875,0.006944444444444444,0.221875,0.39444444444444443,0.573943661971831,0.6690140845070423,0.6197183098591549,-0.06338028169014084,,,0.5244755244755245,0.46153846153846156
images/20191123163441.jpg,data/raw/capture0/positions.csv,data/landmarks/1/capture0/landmarks.csv,0.39939643012152776,0.8062644675925926,20191123163441000,0.46875,0.008333333333333333,0.2125,0.37777777777777777,0.5220588235294118,0.6617647058823529,0.6580882352941176,-0.058823529411764705,0.5153846153846153,0.3333333333333333,0.48175182481751827,0.4666666666666667
images/20191123163441.jpg,data/raw/capture0/positions.csv,data/landmarks/1/capture0/landmarks.csv,0.39936387803819445,0.8062644675925926,20191123163441000,0.46875,0.008333333333333333,0.2125,0.37777777777777777,0.5220588235294118,0.6617647058823529,0.6580882352941176,-0.058823529411764705,0.5153846153846153,0.3333333333333333,0.48175182481751827,0.4666666666666667
images/20191123163440.jpg,data/raw/capture0/positions.csv,data/landmarks/1/capture0/landmarks.csv,0.8970757378472223,0.808227237654321,20191123163440000,0.440625,0.002777777777777778,0.20859375,0.37083333333333335,0.5168539325842697,0.6704119850187266,0.6554307116104869,-0.056179775280898875,0.48091603053435117,0.4444444444444444,,
images/20191123163440.jpg,data/raw/capture0/positions.csv,data/landmarks/1/capture0/landmarks.csv,0.8970757378472223,0.8081693672839506,20191123163440000,0.440625,0.002777777777777778,0.20859375,0.37083333333333335,0.5168539325842697,0.6704119850187266,0.6554307116104869,-0.056179775280898875,0.48091603053435117,0.4444444444444444,,
images/20191123163435.jpg,data/raw/capture0/positions.csv,data/landmarks/1/capture0/landmarks.csv,0.13788926866319445,0.2912181712962963,20191123163435000,0.503125,0.8888888888888888,0.059375,0.10555555555555556,0.47368421052631576,0.6052631578947368,0.42105263157894735,0.05263157894736842,,,,
images/20191123163435.jpg,data/raw/capture0/positions.csv,data/landmarks/1/capture0/landmarks.csv,0.13785671657986112,0.2912157600308642,20191123163435000,0.503125,0.8888888888888888,0.059375,0.10555555555555556,0.47368421052631576,0.6052631578947368,0.42105263157894735,0.05263157894736842,,,,
images/20191123163436.jpg,data/raw/capture0/positions.csv,data/landmarks/1/capture0/landmarks.csv,0.4290378146701389,0.3449291087962963,20191123163436000,0.47734375,0.004166666666666667,0.21015625,0.3736111111111111,0.550185873605948,0.6505576208178439,0.654275092936803,-0.06319702602230483,0.5,0.35,0.44776119402985076,0.4883720930232558
images/20191123163437.jpg,data/raw/capture0/positions.csv,data/landmarks/1/capture0/landmarks.csv,0.42900526258680555,0.3449291087962963,20191123163437000,0.50625,0.8902777777777777,0.0578125,0.10277777777777777,-1.1891891891891893,-3.581081081081081,0.28378378378378377,0.0,0.49586776859504134,0.35,0.44029850746268656,0.5
