filename,img_width,img_height,face_dlib_x1,face_dlib_y1,face_dlib_x2,face_dlib_y2,face_opencv_x1,face_opencv_y1,face_opencv_x2,face_opencv_y2,face_mtcnn_x1,face_mtcnn_y1,face_mtcnn_x2,face_mtcnn_y2,landmark_dlib_1_x,landmark_dlib_1_y,landmark_dlib_2_x,landmark_dlib_2_y,landmark_dlib_3_x,landmark_dlib_3_y,landmark_dlib_4_x,landmark_dlib_4_y,landmark_dlib_5_x,landmark_dlib_5_y,landmark_dlib_6_x,landmark_dlib_6_y,landmark_dlib_7_x,landmark_dlib_7_y,landmark_dlib_8_x,landmark_dlib_8_y,landmark_dlib_9_x,landmark_dlib_9_y,landmark_dlib_10_x,landmark_dlib_10_y,landmark_dlib_11_x,landmark_dlib_11_y,landmark_dlib_12_x,landmark_dlib_12_y,landmark_dlib_13_x,landmark_dlib_13_y,landmark_dlib_14_x,landmark_dlib_14_y,landmark_dlib_15_x,landmark_dlib_15_y,landmark_dlib_16_x,landmark_dlib_16_y,landmark_dlib_17_x,landmark_dlib_17_y,landmark_dlib_18_x,landmark_dlib_18_y,landmark_dlib_19_x,landmark_dlib_19_y,landmark_dlib_20_x,landmark_dlib_20_y,landmark_dlib_21_x,landmark_dlib_21_y,landmark_dlib_22_x,landmark_dlib_22_y,landmark_dlib_23_x,landmark_dlib_23_y,landmark_dlib_24_x,landmark_dlib_24_y,landmark_dlib_25_x,landmark_dlib_25_y,landmark_dlib_26_x,landmark_dlib_26_y,landmark_dlib_27_x,landmark_dlib_27_y,landmark_dlib_28_x,landmark_dlib_28_y,landmark_dlib_29_x,landmark_dlib_29_y,landmark_dlib_30_x,landmark_dlib_30_y,landmark_dlib_31_x,landmark_dlib_31_y,landmark_dlib_32_x,landmark_dlib_32_y,landmark_dlib_33_x,landmark_dlib_33_y,landmark_dlib_34_x,landmark_dlib_34_y,landmark_dlib_35_x,landmark_dlib_35_y,landmark_dlib_36_x,landmark_dlib_36_y,landmark_dlib_37_x,landmark_dlib_37_y,landmark_dlib_38_x,landmark_dlib_38_y,landmark_dlib_39_x,landmark_dlib_39_y,landmark_dlib_40_x,landmark_dlib_40_y,landmark_dlib_41_x,landmark_dlib_41_y,landmark_dlib_42_x,landmark_dlib_42_y,landmark_dlib_43_x,landmark_dlib_43_y,landmark_dlib_44_x,landmark_dlib_44_y,landmark_dlib_45_x,landmark_dlib_45_y,landmark_dlib_46_x,landmark_dlib_46_y,landmark_dlib_47_x,landmark_dlib_47_y,landmark_dlib_48_x,landmark_dlib_48_y,landmark_dlib_49_x,landmark_dlib_49_y,landmark_dlib_50_x,landmark_dlib_50_y,landmark_dlib_51_x,landmark_dlib_51_y,landmark_dlib_52_x,landmark_dlib_52_y,landmark_dlib_53_x,landmark_dlib_53_y,landmark_dlib_54_x,landmark_dlib_54_y,landmark_dlib_55_x,landmark_dlib_55_y,landmark_dlib_56_x,landmark_dlib_56_y,landmark_dlib_57_x,landmark_dlib_57_y,landmark_dlib_58_x,landmark_dlib_58_y,landmark_dlib_59_x,landmark_dlib_59_y,landmark_dlib_60_x,landmark_dlib_60_y,landmark_dlib_61_x,landmark_dlib_61_y,landmark_dlib_62_x,landmark_dlib_62_y,landmark_dlib_63_x,landmark_dlib_63_y,landmark_dlib_64_x,landmark_dlib_64_y,landmark_dlib_65_x,landmark_dlib_65_y,landmark_dlib_66_x,landmark_dlib_66_y,landmark_dlib_67_x,landmark_dlib_67_y,landmark_dlib_68_x,landmark_dlib_68_y,landmark_opencv_1_x,landmark_opencv_1_y,landmark_opencv_2_x,landmark_opencv_2_y,landmark_opencv_3_x,landmark_opencv_3_y,landmark_opencv_4_x,landmark_opencv_4_y,landmark_opencv_5_x,landmark_opencv_5_y,landmark_opencv_6_x,landmark_opencv_6_y,landmark_opencv_7_x,landmark_opencv_7_y,landmark_opencv_8_x,landmark_opencv_8_y,landmark_opencv_9_x,landmark_opencv_9_y,landmark_opencv_10_x,landmark_opencv_10_y,landmark_opencv_11_x,landmark_opencv_11_y,landmark_opencv_12_x,landmark_opencv_12_y,landmark_opencv_13_x,landmark_opencv_13_y,landmark_opencv_14_x,landmark_opencv_14_y,landmark_opencv_15_x,landmark_opencv_15_y,landmark_opencv_16_x,landmark_opencv_16_y,landmark_opencv_17_x,landmark_opencv_17_y,landmark_opencv_18_x,landmark_opencv_18_y,landmark_opencv_19_x,landmark_opencv_19_y,landmark_opencv_20_x,landmark_opencv_20_y,landmark_opencv_21_x,landmark_opencv_21_y,landmark_opencv_22_x,landmark_opencv_22_y,landmark_opencv_23_x,landmark_opencv_23_y,landmark_opencv_24_x,landmark_opencv_24_y,landmark_opencv_25_x,landmark_opencv_25_y,landmark_opencv_26_x,landmark_opencv_26_y,landmark_opencv_27_x,landmark_opencv_27_y,landmark_opencv_28_x,landmark_opencv_28_y,landmark_opencv_29_x,landmark_opencv_29_y,landmark_opencv_30_x,landmark_opencv_30_y,landmark_opencv_31_x,landmark_opencv_31_y,landmark_opencv_32_x,landmark_opencv_32_y,landmark_opencv_33_x,landmark_opencv_33_y,landmark_opencv_34_x,landmark_opencv_34_y,landmark_opencv_35_x,landmark_opencv_35_y,landmark_opencv_36_x,landmark_opencv_36_y,landmark_opencv_37_x,landmark_opencv_37_y,landmark_opencv_38_x,landmark_opencv_38_y,landmark_opencv_39_x,landmark_opencv_39_y,landmark_opencv_40_x,landmark_opencv_40_y,landmark_opencv_41_x,landmark_opencv_41_y,landmark_opencv_42_x,landmark_opencv_42_y,landmark_opencv_43_x,landmark_opencv_43_y,landmark_opencv_44_x,landmark_opencv_44_y,landmark_opencv_45_x,landmark_opencv_45_y,landmark_opencv_46_x,landmark_opencv_46_y,landmark_opencv_47_x,landmark_opencv_47_y,landmark_opencv_48_x,landmark_opencv_48_y,landmark_opencv_49_x,landmark_opencv_49_y,landmark_opencv_50_x,landmark_opencv_50_y,landmark_opencv_51_x,landmark_opencv_51_y,landmark_opencv_52_x,landmark_opencv_52_y,landmark_opencv_53_x,landmark_opencv_53_y,landmark_opencv_54_x,landmark_opencv_54_y,landmark_opencv_55_x,landmark_opencv_55_y,landmark_opencv_56_x,landmark_opencv_56_y,landmark_opencv_57_x,landmark_opencv_57_y,landmark_opencv_58_x,landmark_opencv_58_y,landmark_opencv_59_x,landmark_opencv_59_y,landmark_opencv_60_x,landmark_opencv_60_y,landmark_opencv_61_x,landmark_opencv_61_y,landmark_opencv_62_x,landmark_opencv_62_y,landmark_opencv_63_x,landmark_opencv_63_y,landmark_opencv_64_x,landmark_opencv_64_y,landmark_opencv_65_x,landmark_opencv_65_y,landmark_opencv_66_x,landmark_opencv_66_y,landmark_opencv_67_x,landmark_opencv_67_y,landmark_opencv_68_x,landmark_opencv_68_y,left_eye_x1,left_eye_y1,left_eye_x2,left_eye_y2,right_eye_x1,right_eye_y1,right_eye_x2,right_eye_y2,left_pupil_x,left_pupil_y,right_pupil_x,right_pupil_y,landmark_mtcnn_1_x,landmark_mtcnn_1_y,landmark_mtcnn_2_x,landmark_mtcnn_2_y,landmark_mtcnn_3_x,landmark_mtcnn_3_y,landmark_mtcnn_4_x,landmark_mtcnn_4_y
images/20191215123648.jpg,1280,720,455,-44,777,314,489,32,749,292,474,0,792,318,508,114,513,155,520,196,529,234,546,268,571,295,597,320,624,340,656,344,686,332,715,307,743,279,766,247,780,210,785,169,785,126,785,84,513,84,528,68,550,60,574,63,597,73,638,68,665,53,695,44,725,46,750,64,619,113,621,141,622,169,624,197,602,214,616,218,630,221,646,215,660,208,539,116,551,105,571,104,590,120,571,126,551,127,663,114,676,95,697,92,716,98,702,113,682,118,592,264,607,253,622,246,634,247,645,242,664,245,686,247,669,269,653,280,640,284,627,283,610,275,599,263,623,261,635,260,646,257,679,248,650,263,638,266,626,266,508,99,508,133,513,166,519,199,533,228,550,253,570,275,591,294,615,299,641,294,665,278,689,259,712,235,729,206,738,171,744,133,747,95,523,95,540,87,561,91,582,97,601,106,636,105,658,94,681,85,707,79,728,90,616,123,615,145,614,166,613,189,589,192,602,197,617,201,632,195,646,190,547,120,560,116,575,116,590,124,574,126,559,126,654,120,667,110,682,108,697,112,683,119,668,120,572,219,586,215,604,214,618,217,630,213,651,212,671,216,652,244,632,256,618,259,603,258,585,246,579,220,604,222,618,223,630,220,664,218,631,238,618,240,603,239,636,81,744,126,513,93,617,138,684,104,554,114
images/20191215123629.jpg,1280,720,,,,,,,,,,,,,,,,,,,,,,,,,,,,,,,,,,,,,,,,,,,,,,,,,,,,,,,,,,,,,,,,,,,,,,,,,,,,,,,,,,,,,,,,,,,,,,,,,,,,,,,,,,,,,,,,,,,,,,,,,,,,,,,,,,,,,,,,,,,,,,,,,,,,,,,,,,,,,,,,,,,,,,,,,,,,,,,,,,,,,,,,,,,,,,,,,,,,,,,,,,,,,,,,,,,,,,,,,,,,,,,,,,,,,,,,,,,,,,,,,,,,,,,,,,,,,,,,,,,,,,,,,,,,,,,,,,,,,,,,,,,,,,,,,,,,,,,,
images/20191215123639.jpg,1280,720,526,63,848,385,542,41,866,365,,,,,530,142,535,190,546,235,559,275,584,309,615,336,650,359,688,375,724,374,751,358,768,330,782,300,795,267,805,232,809,197,809,161,805,127,576,129,601,113,631,109,660,115,686,128,735,121,753,104,773,91,794,86,809,97,713,158,718,189,724,219,730,249,691,260,708,265,726,269,740,261,752,251,613,167,632,165,650,163,667,167,652,172,633,174,739,156,758,148,772,144,785,144,775,153,760,157,670,290,696,286,714,283,727,284,740,279,752,276,764,274,755,294,743,307,729,312,715,312,695,306,680,290,715,295,728,295,741,291,758,277,741,290,728,295,714,296,537,159,543,202,550,244,562,284,583,318,614,343,650,362,686,378,721,380,752,366,773,338,793,310,810,280,820,248,823,212,822,175,819,137,573,139,595,120,624,111,656,111,685,121,729,118,749,104,771,97,795,100,811,115,709,156,713,186,717,215,721,245,685,253,702,258,720,261,734,254,747,246,612,166,629,159,648,157,665,164,648,169,629,170,740,156,758,145,774,142,787,146,776,153,759,155,657,286,682,284,704,282,719,284,732,280,750,277,766,273,752,297,737,309,722,312,705,313,682,306,666,287,704,292,719,293,733,289,759,277,734,291,720,295,704,295,716,138,809,163,586,158,695,178,768,146,638,166
images/20191215123634.jpg,1280,720,526,63,848,385,533,31,862,360,69,75,189,195,518,132,524,179,533,224,546,264,570,301,601,330,636,353,673,371,709,374,738,362,759,334,777,302,794,267,805,229,811,190,813,152,810,116,566,117,591,101,620,92,650,97,676,108,725,104,744,88,767,77,789,76,806,87,703,145,708,177,713,207,719,237,681,253,698,257,715,259,729,254,740,246,602,151,622,147,642,145,661,155,643,160,622,161,732,146,750,133,768,129,782,133,771,145,753,148,659,298,683,288,702,280,715,282,727,277,741,281,751,289,741,305,730,317,717,320,703,320,683,314,669,298,703,295,716,294,728,292,745,290,728,301,715,304,702,304,547,155,552,195,559,234,570,271,588,304,617,331,650,350,682,366,715,369,746,357,772,332,795,305,814,274,824,239,828,201,827,163,825,123,572,134,593,119,619,114,648,117,674,125,719,122,739,107,763,98,788,95,810,106,699,147,703,172,706,197,709,223,678,235,694,238,711,240,725,234,739,227,606,156,623,149,641,147,659,156,641,159,623,161,736,147,753,134,770,131,785,135,772,144,755,146,653,273,675,266,696,261,711,263,724,258,744,257,763,261,747,289,729,303,714,307,698,307,677,298,662,273,697,271,712,271,725,268,754,263,727,284,713,288,697,288,707,120,808,156,572,137,692,169,767,135,635,154
images/20191215123635.jpg,1280,720,562,63,884,385,541,32,873,364,,,,,526,134,531,180,540,224,552,266,576,304,610,333,650,354,688,370,723,372,749,358,768,329,785,298,798,261,806,222,808,183,808,145,801,110,574,116,598,100,629,96,660,101,689,111,731,110,749,97,769,89,788,88,802,97,716,148,722,176,730,203,737,232,697,251,715,254,732,255,744,250,754,243,616,148,635,146,653,145,669,152,653,157,634,157,741,146,755,137,771,134,784,134,773,145,758,148,678,302,701,293,719,286,732,289,742,282,752,284,759,289,753,299,746,307,735,311,721,312,703,311,688,302,720,299,733,298,743,295,754,291,743,294,733,297,720,298,549,156,555,196,563,236,573,274,590,310,619,336,654,354,689,368,724,371,755,357,778,331,799,305,817,275,826,240,830,203,830,165,827,126,581,131,603,113,630,105,660,104,686,113,732,110,753,95,776,88,800,91,817,105,713,142,717,166,721,190,725,215,690,230,706,232,723,234,737,228,750,222,616,154,635,148,653,146,670,153,654,157,635,158,747,144,764,133,780,130,794,134,782,142,765,144,658,269,683,260,707,254,722,256,735,251,755,252,771,258,757,284,740,297,725,300,708,301,684,293,668,269,708,265,723,266,736,263,763,259,738,277,723,280,707,280,719,128,807,153,589,139,697,164,775,133,644,151
images/20191215123637.jpg,1280,720,562,63,884,385,544,36,874,366,,,,,532,136,536,182,544,228,557,270,582,307,616,336,657,355,696,369,732,366,756,351,772,322,786,294,799,261,807,226,811,190,811,155,804,120,586,113,612,99,642,94,672,99,698,111,745,110,759,93,778,81,798,77,811,86,725,148,731,178,738,206,746,235,705,255,722,259,739,261,751,256,761,246,623,154,642,151,660,150,676,155,660,161,641,163,748,146,764,138,780,135,793,135,782,146,766,149,679,304,705,299,724,292,737,294,746,287,754,286,763,287,756,299,750,310,740,316,727,318,706,318,689,304,725,304,738,303,747,298,756,289,747,294,738,300,726,303,537,154,545,198,555,240,565,280,585,315,618,341,656,360,693,375,729,377,758,363,777,335,794,307,810,278,821,245,826,210,825,173,823,135,580,128,606,111,636,102,667,101,696,111,739,109,758,95,781,90,804,91,820,106,721,142,725,167,730,192,736,219,697,236,714,238,732,240,745,234,756,228,619,158,638,151,656,148,673,155,657,159,638,161,750,147,767,136,783,134,796,138,785,145,769,147,660,277,687,268,712,261,728,263,742,259,760,260,774,264,762,292,746,306,731,310,714,311,688,303,669,277,713,274,729,274,742,271,766,267,744,285,730,289,713,289,725,129,817,153,596,144,704,168,778,135,650,155
images/20191215123636.jpg,1280,720,562,63,884,385,532,31,876,375,,,,,532,136,536,184,544,229,556,269,580,305,613,335,652,357,692,373,729,371,755,355,772,326,787,297,800,264,807,229,811,194,812,160,805,128,588,117,611,102,640,95,669,100,696,112,744,111,760,95,780,84,800,80,813,90,723,149,729,179,737,208,744,237,704,257,721,261,737,264,750,258,759,247,623,156,641,153,659,152,676,158,660,164,641,164,748,149,765,140,780,136,793,137,782,147,766,150,673,306,702,300,722,294,736,295,746,287,756,285,766,284,759,297,751,308,740,314,725,317,703,317,683,305,723,305,737,304,747,299,759,287,748,295,737,301,724,303,531,149,539,193,548,234,558,276,578,312,611,339,650,360,689,374,725,373,755,360,773,335,790,309,804,280,811,248,816,214,818,180,818,145,578,128,605,110,636,99,669,100,698,112,741,112,759,97,780,91,802,93,817,108,722,146,726,173,731,199,736,226,695,241,713,244,731,246,744,241,757,234,618,158,636,151,655,149,673,157,656,162,636,164,750,150,767,140,783,137,796,142,785,150,768,151,658,281,686,273,712,267,727,268,741,264,758,266,771,271,758,294,743,305,729,309,711,310,686,303,667,282,712,279,728,279,742,276,763,274,742,286,728,289,711,290,725,129,817,157,596,146,704,171,777,139,649,158
images/20191215123633.jpg,1280,720,562,27,884,349,,,,,,,,,543,141,545,188,552,232,564,274,592,309,629,334,670,353,712,369,748,368,773,355,789,328,800,297,811,263,819,229,825,195,825,162,819,130,615,112,640,93,670,85,701,89,726,103,771,101,785,84,801,75,817,72,828,82,753,141,760,170,769,199,777,227,736,242,751,248,766,251,778,245,787,236,650,150,669,142,686,140,702,150,688,155,669,156,771,142,785,129,800,125,809,132,802,140,788,143,704,281,733,277,754,273,765,274,774,270,783,270,790,272,784,287,776,298,765,302,753,302,731,296,715,283,753,285,764,285,774,283,784,275,774,281,764,284,753,285,,,,,,,,,,,,,,,,,,,,,,,,,,,,,,,,,,,,,,,,,,,,,,,,,,,,,,,,,,,,,,,,,,,,,,,,,,,,,,,,,,,,,,,,,,,,,,,,,,,,,,,,,,,,,,,,,,,,,,,,,,,,,,,,,,,,,,,,,752,116,829,152,624,132,729,164,800,128,677,147
images/20191215123631.jpg,1280,720,562,27,884,349,,,,,,,,,539,136,539,185,544,231,555,275,582,313,620,342,665,362,708,375,748,373,775,358,790,330,799,299,811,267,820,233,826,198,826,165,819,134,619,84,644,66,673,58,703,62,728,76,774,75,786,62,801,56,815,57,822,66,756,124,764,153,773,180,782,207,737,234,754,237,768,239,780,236,789,228,652,129,669,120,688,119,703,133,689,138,669,138,769,128,783,113,799,112,807,121,799,129,785,130,700,290,729,278,753,270,765,271,775,267,786,271,789,280,783,294,774,304,763,309,750,310,727,307,710,290,753,287,764,286,775,284,783,281,773,286,762,290,751,292,,,,,,,,,,,,,,,,,,,,,,,,,,,,,,,,,,,,,,,,,,,,,,,,,,,,,,,,,,,,,,,,,,,,,,,,,,,,,,,,,,,,,,,,,,,,,,,,,,,,,,,,,,,,,,,,,,,,,,,,,,,,,,,,,,,,,,,,,750,103,827,139,626,109,730,149,800,112,678,128
images/20191215123643.jpg,1280,720,491,63,813,385,,,,,489,51,795,357,503,141,510,183,520,225,534,262,556,297,580,327,605,356,630,379,659,385,689,377,715,350,739,318,761,280,779,241,789,199,794,155,793,109,513,121,530,108,553,104,578,107,603,118,654,113,679,98,709,88,739,87,764,101,631,154,634,184,635,213,637,243,613,257,626,261,642,265,658,260,674,253,544,157,559,154,577,153,598,159,578,165,559,167,676,154,691,144,712,142,732,143,716,155,695,157,607,311,621,302,636,295,649,298,659,293,676,297,697,304,679,327,664,338,651,339,638,337,623,326,616,311,637,308,650,309,661,307,687,305,662,315,650,316,638,314,,,,,,,,,,,,,,,,,,,,,,,,,,,,,,,,,,,,,,,,,,,,,,,,,,,,,,,,,,,,,,,,,,,,,,,,,,,,,,,,,,,,,,,,,,,,,,,,,,,,,,,,,,,,,,,,,,,,,,,,,,,,,,,,,,,,,,,,,648,135,761,163,517,147,626,172,698,147,563,158
images/20191215123642.jpg,1280,720,491,63,813,385,494,43,820,369,492,45,792,345,504,138,510,181,520,224,533,264,555,300,581,331,609,361,638,384,670,389,702,378,727,347,749,313,771,275,788,236,797,195,802,153,803,110,517,124,536,108,563,101,591,105,618,115,669,110,696,94,727,85,757,87,778,105,646,153,648,185,651,216,653,248,624,260,639,264,656,268,672,263,687,255,551,155,567,151,587,152,608,160,587,165,567,166,687,153,703,141,724,139,743,141,728,154,707,157,613,315,628,304,644,297,659,300,673,294,689,297,706,303,693,323,678,334,663,338,647,336,629,327,622,314,646,312,660,313,674,309,697,305,676,311,661,315,647,313,525,149,526,191,533,230,546,269,563,305,585,337,609,364,631,385,660,390,691,383,718,362,741,334,764,301,782,264,793,222,799,177,799,130,535,125,551,110,574,108,598,114,619,123,665,119,687,105,713,95,742,93,768,105,643,160,643,190,643,219,642,249,617,260,632,265,649,268,666,262,683,255,562,162,577,157,592,157,611,163,592,166,576,166,687,156,703,147,721,145,739,146,723,154,705,156,598,298,614,292,633,288,649,291,664,286,688,287,711,293,691,325,669,338,652,341,635,340,615,327,607,300,634,301,650,302,665,299,703,295,666,316,651,318,634,316,659,131,772,163,522,144,638,173,713,147,576,159
images/20191215123640.jpg,1280,720,557,112,826,380,521,43,848,370,69,75,189,195,539,154,545,193,554,231,565,267,586,299,612,327,641,347,671,365,705,368,734,358,755,330,772,299,787,264,797,227,800,190,800,151,796,113,557,155,578,143,604,141,631,145,655,153,694,145,715,132,739,123,764,118,785,126,679,169,683,198,688,227,692,255,660,261,676,267,694,270,710,263,723,253,594,171,610,166,626,165,643,171,627,175,610,176,713,161,729,151,745,147,761,148,748,158,731,161,651,292,668,289,684,287,699,289,711,283,726,280,741,279,730,300,717,312,703,316,687,316,669,308,659,294,685,297,699,297,713,293,734,282,714,295,701,300,686,299,536,161,540,204,548,244,561,282,579,314,604,341,633,363,661,382,694,386,724,375,745,347,765,316,785,285,800,251,806,212,806,172,803,132,562,139,581,124,605,118,632,119,656,129,698,127,718,111,742,104,766,105,785,117,680,159,681,189,683,219,685,250,654,253,670,260,689,265,705,256,720,246,593,167,610,163,625,161,642,165,625,168,610,169,716,156,733,149,748,146,762,147,749,154,734,156,629,283,652,283,674,282,690,285,704,280,725,277,745,274,728,308,708,324,693,328,675,327,653,315,639,285,675,292,691,294,705,290,737,278,706,304,691,308,675,306,689,140,786,169,569,160,669,181,745,148,609,166
images/20191215123641.jpg,1280,720,491,63,813,385,503,54,804,355,495,42,795,342,507,141,513,185,523,228,537,268,561,303,589,333,619,360,648,380,677,384,706,371,731,342,754,308,775,270,792,234,802,195,807,152,809,110,525,123,546,110,571,106,597,112,621,122,673,116,699,99,728,88,757,89,779,104,651,157,654,189,656,220,659,251,631,260,645,265,661,269,677,263,691,254,559,160,576,156,596,156,615,163,596,169,576,169,691,156,708,145,727,142,747,143,732,156,711,159,621,306,635,295,652,288,665,291,676,286,694,289,712,294,697,321,682,334,668,337,654,335,636,324,629,305,653,299,666,300,678,298,703,296,679,316,666,319,653,318,541,153,541,190,545,226,552,261,563,293,579,323,600,347,624,367,655,372,687,366,717,348,742,324,765,296,781,263,790,223,795,182,798,140,549,135,565,123,586,120,608,123,627,131,672,129,693,116,719,110,745,111,769,122,649,160,647,184,645,208,643,234,621,240,634,246,649,250,666,244,682,238,573,164,587,158,602,158,618,166,602,167,586,167,693,160,709,149,725,147,741,149,727,156,710,159,600,272,616,263,636,259,651,262,667,258,691,261,715,272,694,307,670,322,653,325,635,323,615,308,609,273,636,271,652,273,667,271,707,273,668,300,651,302,635,300,663,135,776,164,531,149,644,177,720,149,583,161
images/20191215123645.jpg,1280,720,455,27,777,349,,,,,471,15,795,339,503,135,507,174,515,215,527,252,546,287,571,317,596,343,623,367,655,373,686,364,715,339,740,311,762,276,779,237,786,193,787,149,785,105,505,113,520,97,544,91,570,95,592,108,641,102,669,84,700,75,731,76,753,92,618,144,620,174,622,203,624,233,601,249,615,254,631,258,648,251,663,243,536,146,549,139,568,139,588,149,569,155,550,156,665,143,680,129,700,126,719,130,705,143,684,146,594,295,610,292,625,291,638,294,652,289,672,287,695,284,678,304,659,314,643,317,629,315,613,307,601,296,626,299,639,301,654,297,688,286,656,299,641,301,628,300,,,,,,,,,,,,,,,,,,,,,,,,,,,,,,,,,,,,,,,,,,,,,,,,,,,,,,,,,,,,,,,,,,,,,,,,,,,,,,,,,,,,,,,,,,,,,,,,,,,,,,,,,,,,,,,,,,,,,,,,,,,,,,,,,,,,,,,,,638,117,747,153,510,131,615,164,683,137,583,151
images/20191215123651.jpg,1280,720,491,27,813,349,501,16,779,294,486,0,804,318,509,114,513,152,521,190,531,227,547,262,570,292,598,318,627,337,662,344,696,336,724,314,749,286,770,251,786,212,794,169,798,128,798,85,521,78,536,59,561,49,588,51,611,64,652,60,679,44,710,36,741,41,762,62,635,102,637,128,639,154,641,180,621,208,634,212,648,215,662,210,676,203,550,106,563,94,583,96,604,111,583,116,563,116,678,104,692,86,713,84,732,92,717,105,696,107,607,263,625,259,641,255,653,258,664,253,682,254,707,253,686,271,669,278,657,280,644,279,627,275,615,263,642,265,654,266,665,262,699,254,667,265,655,267,643,265,505,97,509,133,517,167,526,200,542,228,562,253,587,271,614,286,642,290,670,284,696,268,721,250,742,226,756,196,764,160,769,121,771,82,526,88,545,78,569,79,591,86,613,96,649,94,672,81,698,71,725,68,748,79,631,110,631,134,631,157,631,181,607,184,620,189,635,193,649,187,664,181,557,108,570,103,585,103,601,113,584,115,569,114,669,108,683,97,699,95,715,99,701,106,684,108,593,215,609,212,624,210,637,213,648,208,667,209,687,210,668,226,651,232,638,234,625,234,609,228,600,216,625,217,638,218,649,216,680,211,650,219,638,220,624,219,651,73,760,117,523,83,632,128,700,94,566,105
images/20191215123650.jpg,1280,720,455,-44,777,314,489,12,757,280,477,0,795,312,507,116,513,156,520,196,529,233,545,267,569,294,595,320,622,343,654,349,687,338,717,313,745,285,765,249,776,208,780,164,780,122,779,79,509,82,523,64,545,54,570,55,593,65,633,60,662,43,693,35,724,39,747,61,615,104,617,130,618,156,620,183,602,209,614,213,628,217,643,210,657,204,538,110,550,96,569,96,587,114,568,119,549,120,661,106,674,85,695,82,713,92,700,106,679,110,594,267,611,260,625,255,636,258,648,253,667,255,691,256,673,271,656,278,643,280,631,279,614,275,602,265,626,265,637,266,650,263,684,257,653,265,640,268,628,266,504,92,508,124,516,154,525,183,539,209,557,231,578,249,600,264,625,269,651,266,676,256,701,239,722,216,736,187,742,155,749,119,751,83,518,86,537,80,558,83,578,89,598,96,639,95,661,83,685,73,710,69,731,79,616,111,616,133,616,155,615,177,595,180,606,184,620,187,634,182,648,177,545,109,558,103,574,103,590,114,573,116,557,116,657,110,670,98,687,96,702,100,689,109,672,110,584,207,598,205,612,203,624,205,636,201,654,201,674,204,656,219,640,225,627,226,614,226,600,220,591,208,612,207,625,208,637,206,667,205,638,214,626,215,613,214,635,70,740,119,513,84,613,132,682,96,551,107
images/20191215123644.jpg,1280,720,498,52,766,321,471,22,807,358,489,48,783,342,541,160,545,188,553,213,561,237,572,259,586,280,602,297,621,308,643,313,671,311,704,302,734,287,759,264,775,236,783,201,786,163,786,123,525,115,536,105,554,105,572,109,589,119,644,114,666,99,690,90,716,91,738,100,617,154,617,179,615,204,615,228,601,233,610,240,622,244,636,237,650,231,553,157,564,152,579,153,596,160,579,163,564,164,661,154,676,144,694,142,711,145,696,153,678,156,593,256,604,251,616,250,628,253,642,250,661,249,682,253,663,271,644,279,629,280,616,278,604,271,600,257,616,259,629,262,643,260,674,255,643,263,629,264,616,262,505,134,507,173,514,209,524,242,538,276,558,307,582,334,606,359,635,367,669,362,701,345,733,320,759,288,776,251,784,209,790,165,794,120,513,112,530,100,552,99,575,105,597,114,644,110,669,98,697,92,726,93,754,103,619,148,617,175,615,202,612,230,593,241,606,248,621,251,638,246,654,239,542,149,556,143,574,144,592,153,573,156,555,156,666,149,682,140,701,139,720,143,703,150,683,152,582,272,596,273,612,271,626,274,639,270,665,270,693,271,669,302,645,314,630,316,615,313,598,300,590,276,613,283,627,285,641,283,685,274,642,291,628,292,614,289,636,136,737,161,531,146,619,170,687,142,586,156
images/20191215123652.jpg,1280,720,491,27,813,349,505,12,790,297,495,0,813,318,510,102,516,145,525,187,536,226,556,264,582,297,612,324,644,343,681,345,713,332,738,305,759,274,777,237,790,199,795,157,798,115,797,71,528,80,546,59,571,49,600,51,624,63,670,58,697,42,727,35,756,40,774,60,651,100,654,129,658,156,661,184,635,207,649,211,664,215,680,209,693,202,560,105,574,96,595,97,614,109,595,114,575,115,690,102,705,86,726,83,743,90,729,102,709,105,620,267,640,258,657,251,670,254,682,248,698,251,716,254,700,271,686,282,672,285,659,285,641,280,628,266,658,265,671,265,683,262,708,255,683,263,670,267,658,266,506,88,512,130,522,170,533,207,551,240,576,266,603,287,631,305,662,308,691,301,716,280,739,255,757,225,770,192,776,154,781,115,783,73,526,86,547,73,575,75,601,81,626,92,662,87,686,74,713,64,742,61,764,74,646,109,647,135,648,161,649,188,623,195,637,198,652,201,667,195,682,189,558,107,574,98,592,99,610,112,592,115,573,115,686,107,701,92,720,89,737,94,723,104,704,107,605,226,624,223,642,220,656,223,668,218,687,217,708,218,691,243,674,256,660,258,646,258,626,249,613,227,643,230,657,230,669,227,700,220,672,236,659,239,645,238,663,73,771,113,533,87,642,124,716,92,581,103
images/20191215123646.jpg,1280,720,498,52,766,321,490,33,767,310,486,15,792,321,511,131,514,169,521,207,531,242,547,276,569,306,593,333,618,356,650,363,683,357,712,335,739,308,762,273,778,234,786,191,788,147,785,103,514,98,527,83,549,78,572,82,594,94,642,90,668,75,697,66,727,68,751,83,620,130,622,159,623,187,624,216,604,233,617,238,632,241,648,235,662,228,545,131,557,123,575,123,593,135,575,141,556,141,665,130,678,115,698,112,717,119,702,131,682,133,597,283,611,278,625,274,638,278,651,273,671,274,696,274,675,291,658,300,643,302,629,300,615,293,605,283,626,283,639,285,653,282,688,275,655,286,641,288,628,286,513,112,516,146,523,180,532,212,544,242,563,267,583,290,604,310,629,315,658,311,685,296,714,276,739,251,757,220,766,183,772,142,775,101,523,114,539,103,562,106,584,111,604,121,640,120,665,106,693,98,723,95,748,107,621,136,619,160,617,183,615,207,597,211,609,215,622,219,637,214,652,209,551,134,564,129,579,129,594,138,578,141,563,140,665,134,679,123,696,121,713,125,698,133,681,134,586,238,599,237,614,235,626,238,638,234,659,234,681,234,660,257,640,267,628,269,615,268,599,260,593,240,615,242,627,243,639,241,673,237,639,251,627,253,615,252,639,102,744,142,521,114,618,151,687,122,556,131
images/20191215123647.jpg,1280,720,498,52,766,321,495,36,749,290,480,0,792,306,514,126,517,163,524,200,535,234,549,266,567,294,590,319,617,337,649,342,684,334,715,315,743,290,765,259,779,223,785,184,786,142,784,99,514,93,528,78,549,75,572,78,592,89,641,83,664,67,692,58,721,58,746,71,618,120,620,149,621,178,622,206,602,222,615,226,629,229,645,223,660,216,542,125,553,114,571,114,590,127,572,133,554,133,664,122,678,105,698,103,717,109,702,121,682,124,594,267,605,256,621,251,635,253,650,248,670,250,694,254,674,274,657,284,641,287,625,286,608,279,601,266,622,264,637,264,651,261,686,255,653,266,638,269,624,268,509,103,512,136,518,168,527,198,540,225,558,248,578,266,601,282,626,285,652,281,677,269,702,252,723,231,738,203,745,171,751,136,755,100,523,104,540,95,562,97,583,103,604,111,640,110,663,99,688,90,715,87,736,98,620,126,619,148,618,170,617,193,595,195,607,199,621,203,636,198,650,194,548,122,562,118,578,117,593,128,576,129,561,129,660,125,674,114,690,111,706,116,692,123,675,125,581,223,595,220,610,217,624,220,637,216,656,217,677,222,658,236,639,243,625,244,610,244,595,238,588,224,610,225,625,226,638,224,669,222,638,229,624,231,610,230,637,93,745,133,518,104,615,144,686,112,556,121
